// Vitest Snapshot v1

exports[`Label > Should render the label 1`] = `
<label
  class="label"
>
  <span
    class="label-text text-primary"
  >
    Email
  </span>
</label>
`;
